======================================================================
🔧 TINKER - LLM-Guided Firmware Rehosting System
======================================================================

✗ Error: Firmware file not found: 
Use default firmware path: resources/firmware/stride.rootfs.tar.gz
[Settings] Verbose mode: ENABLED
🔊 Verbose mode: ENABLED

======================================================================
🚀 LLM-GUIDED FIRMWARE REHOSTING WORKFLOW
======================================================================

📋 Validating inputs...
  ✓ Inputs validated

🐧 Penguin init...

===== Running Penguin INIT =====
[cmd] ['penguin', '--image', 'rehosting/penguin:v1.4.65', 'init', '--force', 'resources/firmware/stride.rootfs.tar.gz']
[32m22:19:24[0m [34mpenguin[0m [1;30mINFO[0m penguin v1.4.65
[32m22:19:24[0m [34mpenguin[0m [1;30mWARNING[0m [33mCurrent penguin file does not match [1;34m/usr/local/src/penguin_wrapper.[0m[0m
[32m22:19:24[0m [34mpenguin[0m [1;30mWARNING[0m [33mReinstall global penguin from container with "docker run rehosting[1;34m/penguin[0m penguin_install | sudo sh"[0m
[32m22:19:24[0m [34mpenguin[0m [1;30mWARNING[0m [33mReinstall local penguin from container with "docker run rehosting[1;34m/penguin[0m penguin_install.local | sh"[0m
[32m22:19:24[0m [34mpenguin[0m [1;30mINFO[0m Note messages referencing [1;34m/host[0m paths reflect automatically-mapped shared directories based on your command line arguments
[32m22:19:24[0m [34mpenguin[0m [1;30mINFO[0m Creating project at generated path: [1;34m/host_projects/stride[0m
[32m22:19:24[0m [34mpenguin[0m [1;30mINFO[0m Deleting existing project directory: [1;34m/host_projects/stride[0m
[32m22:19:26[0m [34mpenguin.gen_config[0m [1;30mINFO[0m Generating new configuration for [1;34m/host_firmware/stride.rootfs.tar.gz...[0m
[32m22:19:42[0m [34mpenguin.gen_config[0m [1;30mINFO[0m root_shell patch generated but disabled
[32m22:19:42[0m [34mpenguin.gen_config[0m [1;30mINFO[0m auto_explore patch generated but disabled
[32m22:19:42[0m [34mpenguin.gen_config[0m [1;30mINFO[0m single_shot_ficd patch generated but disabled
[32m22:19:42[0m [34mpenguin.gen_config[0m [1;30mINFO[0m lib_inject.fixed_models patch generated but disabled
[32m22:19:42[0m [34mpenguin.gen_config[0m [1;30mINFO[0m force_www patch generated but disabled
[32m22:19:42[0m [34mpenguin.gen_config[0m [1;30mINFO[0m static.shims.busybox patch generated but disabled
[32m22:19:42[0m [34mpenguin.gen_config[0m [1;30mINFO[0m static.shims.crypto patch generated but disabled
[32m22:19:43[0m [34mpenguin[0m [1;30mINFO[0m Generated config at [1;34m/host_projects/stride/config.yaml[0m
[Mapped] Docker path → Host path: projects/stride
  ✓ Project initialized at: projects/stride

Max Iterations: 3, Current Iteration: 1
Iteration 0 Running Penguin...

===== Running Penguin for 2 minutes =====
[cmd] ['penguin', '--image', 'rehosting/penguin:v1.4.65', 'run', 'projects/stride/config.yaml', '--timeout', '120']
[32m22:19:46[0m [34mpenguin[0m [1;30mINFO[0m penguin v1.4.65
[32m22:19:46[0m [34mpenguin[0m [1;30mWARNING[0m [33mCurrent penguin file does not match [1;34m/usr/local/src/penguin_wrapper.[0m[0m
[32m22:19:46[0m [34mpenguin[0m [1;30mWARNING[0m [33mReinstall global penguin from container with "docker run rehosting[1;34m/penguin[0m penguin_install | sudo sh"[0m
[32m22:19:46[0m [34mpenguin[0m [1;30mWARNING[0m [33mReinstall local penguin from container with "docker run rehosting[1;34m/penguin[0m penguin_install.local | sh"[0m
[32m22:19:46[0m [34mpenguin[0m [1;30mINFO[0m Running project [1;34m/host_stride[0m with config [1;34m/config.yaml[0m
[32m22:19:46[0m [34mpenguin[0m [1;30mINFO[0m Saving results to [1;34m/host_stride/results/0[0m
[32m22:19:46[0m [34mpenguin[0m [1;30mINFO[0m Note messages referencing [1;34m/host[0m paths reflect automatically-mapped shared directories based on your command line arguments
[32m22:19:51[0m [34mpenguin.gen_image[0m [1;30mWARNING[0m [33mDeleting existing file [1;34m/etc/hosts[0m to replace it[0m
[32m22:19:53[0m [34mpenguin.runner[0m [1;30mINFO[0m Logging console output to [1;34m/host_stride/results/0/console.log[0m
PANDA[core]:os_familyno=2 bits=32 os_details=generic
PANDA[syscalls2]:using profile for linux arm
PANDA[osi_linux]:W> failed to read task.switch_task_hook_addr
PANDA[osi_linux]:W> kernelinfo bytes [20-23] not read
[32m22:19:53[0m [34mpenguin.runner[0m [1;30mINFO[0m Loading plugins
[32m22:19:53[0m [34mplugins.core[0m [1;30mINFO[0m Root shell will be available at: [1;32m192.168.3.2:23[0m
[32m22:19:53[0m [34mplugins.core[0m [1;30mINFO[0m Connect with: telnet 192.168.3.2
[32m22:19:53[0m [34mpenguin.runner[0m [1;30mINFO[0m Launching rehosting
[32m22:20:33[0m [34mplugins.VPN[0m [1;30mINFO[0m            inetd binds tcp [1;32m0.0.0.0:7[0m        reach it at [1;32m192.168.3.2:1007[0m     7 is privileged and user cannot bind
[32m22:20:33[0m [34mplugins.VPN[0m [1;30mINFO[0m            inetd binds udp [1;32m0.0.0.0:7[0m        reach it at [1;32m192.168.3.2:2007[0m     7 is privileged and user cannot bind
[32m22:20:33[0m [34mplugins.VPN[0m [1;30mINFO[0m            inetd binds tcp [1;32m0.0.0.0:9[0m        reach it at [1;32m192.168.3.2:1009[0m     9 is privileged and user cannot bind
[32m22:20:33[0m [34mplugins.VPN[0m [1;30mINFO[0m            inetd binds udp [1;32m0.0.0.0:9[0m        reach it at [1;32m192.168.3.2:2009[0m     9 is privileged and user cannot bind
[32m22:20:33[0m [34mplugins.VPN[0m [1;30mINFO[0m            inetd binds tcp [1;32m0.0.0.0:23[0m       reach it at [1;32m192.168.3.2:1023[0m     23 is privileged and user cannot bind
[32m22:20:51[0m [34mplugins.VPN[0m [1;30mINFO[0m            snmpd binds udp [1;32m0.0.0.0:161[0m      reach it at [1;32m192.168.3.2:1161[0m     161 is privileged and user cannot bind
[32m22:21:53[0m [34mplugins.core[0m [1;30mWARNING[0m [33mShutdown thread: execution timed out after 120s - shutting down guest[0m
[32m22:21:54[0m [34mpenguin.run_manager[0m [1;30mINFO[0m Emulation finishes after 127.55 seconds with return code 0 for [1;34m/host_stride/config.yaml[0m

[Results] Collecting from: projects/stride/results/0
  ✓ Penguin run completed (exit code: 0)
  ✓ Results collected from run #0
🤖 Running multi-agent workflow (Planner → Engineer)...
[VERBOSE] ======================================================================
[VERBOSE] [WORKFLOW] WORKFLOW: BUILDING CONTEXT FOR MULTI-AGENT SYSTEM
[VERBOSE] ======================================================================
[VERBOSE] [WORKFLOW] Firmware: resources/firmware/stride.rootfs.tar.gz
[VERBOSE] [WORKFLOW] Project: projects/stride
[VERBOSE] ======================================================================
[VERBOSE] [WORKFLOW] Knowledge Base: ENABLED
[VERBOSE] [WORKFLOW]   Using built-in KB
[VERBOSE] ======================================================================
[VERBOSE] [WORKFLOW] WORKFLOW: GRAPH BUILT
[VERBOSE] ======================================================================
[VERBOSE] [WORKFLOW] Nodes: planner, engineer
[VERBOSE] [WORKFLOW] Flow: START → planner → engineer → END
[VERBOSE] ======================================================================
[VERBOSE] ======================================================================
[VERBOSE] [WORKFLOW] WORKFLOW: STARTING
[VERBOSE] ======================================================================
[VERBOSE] [WORKFLOW] Firmware: resources/firmware/stride.rootfs.tar.gz
[VERBOSE] [WORKFLOW] Project: projects/stride
[VERBOSE] [WORKFLOW] Goal: Analyze Penguin rehosting results and generate configuration update plan that improves firmware execution
[VERBOSE] [WORKFLOW] Context sources: ['metadata', 'penguin_init', 'penguin_run', 'penguin_results', 'console.log', 'env_missing.yaml', 'pseudofiles_failures.yaml']
[VERBOSE] ======================================================================

======================================================================
🚀 MULTI-AGENT WORKFLOW: Starting
======================================================================
Firmware: resources/firmware/stride.rootfs.tar.gz
Project: projects/stride
======================================================================
[VERBOSE] ======================================================================
[VERBOSE] [WORKFLOW] NODE: PLANNER
[VERBOSE] ======================================================================

======================================================================
🧠 PLANNER: Analyzing results and generating plan...
======================================================================
[VERBOSE] [CONTEXT] [PLANNER] Loaded config.yaml from: projects/stride/config.yaml
[VERBOSE] [KB] [PLANNER] KB returned 2 insights
[VERBOSE] ======================================================================
[VERBOSE] [PLANNER] CALLING LLM (Retry: False)
[VERBOSE] ======================================================================
[VERBOSE] [PLANNER] Model: llama3.3:latest
[VERBOSE] 
[VERBOSE] --- SYSTEM PROMPT ---
[VERBOSE] You are a firmware rehosting planner analyzing Penguin configuration issues.
[VERBOSE] 
[VERBOSE] ## Your Task
[VERBOSE] Analyze the provided goal, context, and constraints, then create a comprehensive plan to achieve the goal. Output the plan in JSON format following the schema provided at the end.
[VERBOSE] 
[VERBOSE] ## Key Configuration Targets
[VERBOSE] 
[VERBOSE] **env** (environment variables): Main focus if env_missing.yaml or env_cmp.txt present
[VERBOSE] **pseudofiles** (device files): Add if pseudofiles_failures.yaml shows missing devices
[VERBOSE] **core/patches**: Rarely modified (auto-handled)
[VERBOSE] 
[VERBOSE] ## Common Patterns
[VERBOSE] 
[VERBOSE] 1. **Missing env vars WITHOUT known values**: Add ONE placeholder for discovery (⚠️ only ONE per cycle)
[VERBOSE] 2. **Missing devices**: Add pseudofile entries for /dev/*, /proc/*, /sys/* paths
[VERBOSE] 3. **Crashes/panics**: Check env vars and device dependencies first
[VERBOSE] 
[VERBOSE] ## Discovery Constraint
[VERBOSE] ⚠️ CRITICAL: Only ONE environment variable can use placeholder (DYNVALDYNVALDYNVAL) per rehosting cycle. If multiple unknowns exist, prioritize the most critical ONE.
[VERBOSE] 
[VERBOSE] ## Important Notes
[VERBOSE] - **metadata field**: Include structured data for Engineer (e.g., variable_name="sxid", config_path="env.sxid" for env vars, or device_path="/dev/mtd1" for pseudofiles). Omit fields not applicable. IMPORTANT: Don't add metadata if not relevant to the option!
[VERBOSE] - Priority levels: critical (crashes) > high (missing critical data) > medium (nice-to-have) > low (optimization)
[VERBOSE] - Output ONLY valid JSON, no markdown.
[VERBOSE] 
[VERBOSE] ## Expected JSON Output Format
[VERBOSE] 
[VERBOSE] {
[VERBOSE]   "id": "fw_plan_<unique_id>",
[VERBOSE]   "objectives": [
[VERBOSE]     "<objective1>",
[VERBOSE]     "<objective2>"
[VERBOSE]   ],
[VERBOSE]   "options": [
[VERBOSE]     {
[VERBOSE]       "option_id": "1",
[VERBOSE]       "description": "<brief_summary>",
[VERBOSE]       "problem": "<specific_problem>",
[VERBOSE]       "solution": "<solution_approach>",
[VERBOSE]       "priority": "critical|high|medium|low",
[VERBOSE]       "impact": "<expected_impact>",
[VERBOSE]       "metadata": {
[VERBOSE]         "variable_name": "<var_name_if_env_var_issue>",
[VERBOSE]         "config_path": "<path_if_applicable>",
[VERBOSE]         "device_path": "<device_path_if_pseudofile>"
[VERBOSE]       }
[VERBOSE]     }
[VERBOSE]   ]
[VERBOSE] }
[VERBOSE] 
[VERBOSE] --- USER PROMPT ---
[VERBOSE] ## Goal:
[VERBOSE] Analyze Penguin rehosting results and generate configuration update plan that improves firmware execution
[VERBOSE] 
[VERBOSE] ## Context:
[VERBOSE] ## Previous Penguin Configuration (config.yaml):
[VERBOSE] This is the configuration used in the previous rehosting attempt.
[VERBOSE] ```yaml
[VERBOSE] # yaml-language-server: $schema=https://rehosti.ng/igloo/config_schema.yaml
[VERBOSE] core:
[VERBOSE]   fs: ./base/fs.tar.gz
[VERBOSE]   plugin_path: /pyplugins
[VERBOSE]   root_shell: false
[VERBOSE]   strace: false
[VERBOSE]   ltrace: false
[VERBOSE]   force_www: false
[VERBOSE]   show_output: false
[VERBOSE]   immutable: true
[VERBOSE]   network: false
[VERBOSE]   version: 2
[VERBOSE]   auto_patching: true
[VERBOSE]   guest_cmd: false
[VERBOSE]   mem: 2G
[VERBOSE]   kernel_quiet: true
[VERBOSE] patches:
[VERBOSE] - static_patches/base.yaml
[VERBOSE] - static_patches/manual.yaml
[VERBOSE] - static_patches/netdevs.default.yaml
[VERBOSE] - static_patches/netdevs.dynamic.yaml
[VERBOSE] - static_patches/pseudofiles.expert_knowledge.yaml
[VERBOSE] - static_patches/pseudofiles.dynamic.yaml
[VERBOSE] - static_patches/lib_inject.core.yaml
[VERBOSE] - static_patches/lib_inject.string_introspection.yaml
[VERBOSE] - static_patches/static.missing_dirs.yaml
[VERBOSE] - static_patches/static.missing_files.yaml
[VERBOSE] - static_patches/static.kernel_modules.yaml
[VERBOSE] - static_patches/static.shims.stop_bins.yaml
[VERBOSE] - static_patches/static.shims.no_modules.yaml
[VERBOSE] - static_patches/nvram.04_defaults.yaml
[VERBOSE] env: {}
[VERBOSE] pseudofiles: {}
[VERBOSE] nvram: {}
[VERBOSE] netdevs: []
[VERBOSE] blocked_signals: []
[VERBOSE] lib_inject: {}
[VERBOSE] static_files: {}
[VERBOSE] plugins: {}
[VERBOSE] 
[VERBOSE] ```
[VERBOSE] 
[VERBOSE] ## Retrieved Context:
[VERBOSE] 
[VERBOSE] ### metadata:
[VERBOSE] Firmware: resources/firmware/stride.rootfs.tar.gz
[VERBOSE] Project: projects/stride
[VERBOSE] 
[VERBOSE] ### penguin_init:
[VERBOSE] Exit code: 0
[VERBOSE] 
[VERBOSE] Output:
[VERBOSE] 22:19:24 penguin INFO penguin v1.4.65
[VERBOSE] 22:19:24 penguin WARNING Current penguin file does not match /usr/local/src/penguin_wrapper.
[VERBOSE] 22:19:24 penguin WARNING Reinstall global penguin from container with "docker run rehosting/penguin penguin_install | sudo sh"
[VERBOSE] 22:19:24 penguin WARNING Reinstall local penguin from container with "docker run rehosting/penguin penguin_install.local | sh"
[VERBOSE] 22:19:24 penguin INFO Note messages referencing /host paths reflect automatically-mapped shared directories based on your command line arguments
[VERBOSE] 22:19:24 penguin INFO Creating project at generated path: /host_projects/stride
[VERBOSE] 22:19:24 penguin INFO Deleting existing project directory: /host_projects/stride
[VERBOSE] 22:19:26 penguin.gen_config INFO Generating new configuration for /host_firmware/stride.rootfs.tar.gz...
[VERBOSE] 22:19:42 penguin.gen_config INFO root_shell patch generated but disabled
[VERBOSE] 22:19:42 penguin.gen_config INFO auto_explore patch generated but disabled
[VERBOSE] 22:19:42 penguin.gen_config INFO single_shot_ficd patch generated but disabled
[VERBOSE] 22:19:42 penguin.gen_config INFO lib_inject.fixed_models patch generated but disabled
[VERBOSE] 22:19:42 penguin.gen_config INFO force_www patch generated but disabled
[VERBOSE] 22:19:42 penguin.gen_config INFO static.shims.busybox patch generated but disabled
[VERBOSE] 22:19:42 penguin.gen_config INFO static.shims.crypto patch generated but disabled
[VERBOSE] 22:19:43 penguin INFO Generated config at /host_projects/stride/config.yaml
[VERBOSE] 
[VERBOSE] ### penguin_run:
[VERBOSE] Exit code: 0
[VERBOSE] 
[VERBOSE] Output:
[VERBOSE] 22:19:46 penguin INFO penguin v1.4.65
[VERBOSE] 22:19:46 penguin WARNING Current penguin file does not match /usr/local/src/penguin_wrapper.
[VERBOSE] 22:19:46 penguin WARNING Reinstall global penguin from container with "docker run rehosting/penguin penguin_install | sudo sh"
[VERBOSE] 22:19:46 penguin WARNING Reinstall local penguin from container with "docker run rehosting/penguin penguin_install.local | sh"
[VERBOSE] 22:19:46 penguin INFO Running project /host_stride with config /config.yaml
[VERBOSE] 22:19:46 penguin INFO Saving results to /host_stride/results/0
[VERBOSE] 22:19:46 penguin INFO Note messages referencing /host paths reflect automatically-mapped shared directories based on your command line arguments
[VERBOSE] 22:19:51 penguin.gen_image WARNING Deleting existing file /etc/hosts to replace it
[VERBOSE] 22:19:53 penguin.runner INFO Logging console output to /host_stride/results/0/console.log
[VERBOSE] PANDA[core]:os_familyno=2 bits=32 os_details=generic
[VERBOSE] PANDA[syscalls2]:using profile for linux arm
[VERBOSE] PANDA[osi_linux]:W> failed to read task.switch_task_hook_addr
[VERBOSE] PANDA[osi_linux]:W> kernelinfo bytes [20-23] not read
[VERBOSE] 22:19:53 penguin.runner INFO Loading plugins
[VERBOSE] 22:19:53 plugins.core INFO Root shell will be available at: 192.168.3.2:23
[VERBOSE] 22:19:53 plugins.core INFO Connect with: telnet 192.168.3.2
[VERBOSE] 22:19:53 penguin.runner INFO Launching rehosting
[VERBOSE] 22:20:33 plugins.VPN INFO            inetd binds tcp 0.0.0.0:7        reach it at 192.168.3.2:1007     7 is privileged and user cannot bind
[VERBOSE] 22:20:33 plugins.VPN INFO            inetd binds udp 0.0.0.0:7        reach it at 192.168.3.2:2007     7 is privileged and user cannot bind
[VERBOSE] 22:20:33 plugins.VPN INFO            inetd binds tcp 0.0.0.0:9        reach it at 192.168.3.2:1009     9 is privileged and user cannot bind
[VERBOSE] 22:20:33 plugins.VPN INFO            inetd binds udp 0.0.0.0:9        reach it at 192.168.3.2:2009     9 is privileged and user cannot bind
[VERBOSE] 22:20:33 plugins.VPN INFO            inetd binds tcp 0.0.0.0:23       reach it at 192.168.3.2:1023     23 is privileged and user cannot bind
[VERBOSE] 22:20:51 plugins.VPN INFO            snmpd binds udp 0.0.0.0:161      reach it at 192.168.3.2:1161     161 is privileged and user cannot bind
[VERBOSE] 22:21:53 plugins.core WARNING Shutdown thread: execution timed out after 120s - shutting down guest
[VERBOSE] 22:21:54 penguin.run_manager INFO Emulation finishes after 127.55 seconds with return code 0 for /host_stride/config.yaml
[VERBOSE] 
[VERBOSE] ### penguin_results:
[VERBOSE] Run #0
[VERBOSE] Results directory: projects/stride/results/0
[VERBOSE] Files collected: 3
[VERBOSE] Files missing: 1
[VERBOSE] 
[VERBOSE] Statistics:
[VERBOSE]   env_missing_count: 2
[VERBOSE]   pseudofile_failures: 8
[VERBOSE] 
[VERBOSE] Errors:
[VERBOSE]   - Console errors:
[VERBOSE] [    9.706283] EXT2-fs (ram0): error: can't find an ext2 filesystem on dev ram0.
[VERBOSE]        missing codepage or other error
[VERBOSE] [   11.183559] EXT2-fs (ram0): error: can't find an ext2 filesystem on dev ram0.
[VERBOSE]        missing codepage or other error
[VERBOSE] findSwm: Error: Unable to load configuration for SXID '0190_???'
[VERBOSE] findSwm: Error: Unable to load configuration for SXID '0190_???'
[VERBOSE] findSwm: Error: Unable to load configuration for SXID '0190_???'
[VERBOSE] findSwm: Error: Unable to load configuration for SXID '0190_???'
[VERBOSE] findSwm: Error: Unable to load configuration for SXID '0190_???'
[VERBOSE] findSwm: Error: Unable to load configuration for SXID '0190_???'
[VERBOSE] findSwm: Error: Unable to load configuration for SXID '0190_???'
[VERBOSE] findSwm: Error: Unable to load configuration for SXID '0190_???'
[VERBOSE] findSwm: Error: Unable to load configuration for SXID '0190_???'
[VERBOSE] racoon: something error happened while pfkey initializing.
[VERBOSE]   - Missing environment variables: 2
[VERBOSE]   - Pseudofile failures: 8
[VERBOSE] 
[VERBOSE] ### console.log:
[VERBOSE] [IGLOO INIT] Launching root shell
[VERBOSE] [IGLOO INIT] Launching VPN
[VERBOSE] ip: RTNETLINK answers: File exists
[VERBOSE] [IGLOO INIT] Running specified init binary
[VERBOSE] 
[VERBOSE] INIT: version 2.86 booting
[VERBOSE] 
[VERBOSE] 
[VERBOSE] INIT: /dev/initctl is not a fifo
[VERBOSE] 
[VERBOSE] Warning: could not erase sector 2: Illegal seek
[VERBOSE] Warning: could not read block 0: Illegal seek
[VERBOSE] Warning: could not erase sector 0: Illegal seek
[VERBOSE] mke2fs: Illegal seek while zeroing block 1984 at end of filesystem
[VERBOSE] 
[VERBOSE] 
[VERBOSE] Could not write 8 blocks in inode table starting at 5: Illegal seek
[VERBOSE] [    9.706283] EXT2-fs (ram0): error: can't find an ext2 filesystem on dev ram0.
[VERBOSE] mount: wrong fs type, bad option, bad superblock on /dev/ram0,
[VERBOSE]        missing codepage or other error
[VERBOSE]        In some cases useful info is found in syslog - try
[VERBOSE]        dmesg | tail  or so
[VERBOSE] 
[VERBOSE] read_uboot_env: Could not open env flash device...
[VERBOSE] sxid not found
[VERBOSE] mount: /dev/boot is not a block device (maybe try `-o loop'?)
[VERBOSE] [   11.183559] EXT2-fs (ram0): error: can't find an ext2 filesystem on dev ram0.
[VERBOSE] mount: wrong fs type, bad option, bad superblock on /dev/ram0,
[VERBOSE]        missing codepage or other error
[VERBOSE]        In some cases useful info is found in syslog - try
[VERBOSE]        dmesg | tail  or so
[VERBOSE] 
[VERBOSE] mount: special device /dev/root.spare does not exist
[VERBOSE] mount: mount point /alternate/boot does not exist
[VERBOSE] Initializing DSA driver...
[VERBOSE] Couldn't create dsa: module dsa not found in /proc/devices. SkippingNo configuration for SXID '0190_???'
[VERBOSE] findSwm: Error: Unable to load configuration for SXID '0190_???'
[VERBOSE] /etc/rc.d/60_config: line 92: can't open /config/current//etc/switch//main.config: no such file
[VERBOSE] Installing default configuration... sed: bad option in substitution expression
[VERBOSE] /usr/local/bin/adjustdef-helper: Unable to open file: /config/current/var/switch/porttypes: No such file or directory
[VERBOSE] done.
[VERBOSE] Bringing up network interfaces... cpuSIOCGIFFLAGS: No such device
[VERBOSE] SIOCGIFFLAGS: No such device
[VERBOSE] SIOCGIFFLAGS: No such device
[VERBOSE] Cannot find device "cpu"
[VERBOSE] pfkey_open: Address family not supported by protocol
[VERBOSE] 
[VERBOSE] INIT: /dev/initctl is not a fifo
[VERBOSE] 
[VERBOSE] cat: can't open '/config/current//var/switch/porttypes': No such file or directory
[VERBOSE] 
[VERBOSE] 
[VERBOSE] INIT: Entering runlevel: 3
[VERBOSE] 
[VERBOSE] 
[VERBOSE] INIT: /dev/initctl is not a fifo
[VERBOSE] 
[VERBOSE] 
[VERBOSE] INIT: /dev/initctl is not a fifo
[VERBOSE] 
[VERBOSE] 
[VERBOSE] INIT: /dev/initctl is not a fifo
[VERBOSE] 
[VERBOSE] 
[VERBOSE] INIT: /dev/initctl is not a fifo
[VERBOSE] 
[VERBOSE] 
[VERBOSE] INIT: /dev/initctl is not a fifo
[VERBOSE] 
[VERBOSE] No configuration for SXID '0190_???'
[VERBOSE] 
[VERBOSE] INIT: /dev/initctl is not a fifo
[VERBOSE] 
[VERBOSE] findSwm: Error: Unable to load configuration for SXID '0190_???'
[VERBOSE] 
[VERBOSE] INIT: /dev/initctl is not a fifo
[VERBOSE] 
[VERBOSE] 
[VERBOSE] INIT: /dev/initctl is not a fifo
[VERBOSE] 
[VERBOSE] No configuration for SXID '0190_???'
[VERBOSE] findSwm: Error: Unable to load configuration for SXID '0190_???'
[VERBOSE] 
[VERBOSE] INIT: /dev/initctl is not a fifo
[VERBOSE] 
[VERBOSE] 
[VERBOSE] INIT: /dev/initctl is not a fifo
[VERBOSE] 
[VERBOSE] No configuration for SXID '0190_???'
[VERBOSE] findSwm: Error: Unable to load configuration for SXID '0190_???'
[VERBOSE] 
[VERBOSE] INIT: /dev/initctl is not a fifo
[VERBOSE] 
[VERBOSE] No configuration for SXID '0190_???'
[VERBOSE] findSwm: Error: Unable to load configuration for SXID '0190_???'
[VERBOSE] 
[VERBOSE] INIT: Id "st" respawning too fast: disabled for 5 minutes
[VERBOSE] 
[VERBOSE] 
[VERBOSE] INIT: /dev/initctl is not a fifo
[VERBOSE] 
[VERBOSE] No configuration for SXID '0190_???'
[VERBOSE] findSwm: Error: Unable to load configuration for SXID '0190_???'
[VERBOSE] No configuration for SXID '0190_???'
[VERBOSE] findSwm: Error: Unable to load configuration for SXID '0190_???'
[VERBOSE] No configuration for SXID '0190_???'
[VERBOSE] findSwm: Error: Unable to load configuration for SXID '0190_???'
[VERBOSE] No configuration for SXID '0190_???'
[VERBOSE] findSwm: Error: Unable to load configuration for SXID '0190_???'
[VERBOSE] read_uboot_env: Could not open env flash device...
[VERBOSE] Segmentation fault
[VERBOSE] read_uboot_env: Could not open env flash device...
[VERBOSE] Segmentation fault
[VERBOSE] read_uboot_env: Could not open env flash device...
[VERBOSE] read_uboot_env: Could not open env flash device...
[VERBOSE] Segmentation fault
[VERBOSE] read_uboot_env: Could not open env flash device...
[VERBOSE] Segmentation fault
[VERBOSE] read_uboot_env: Could not open env flash device...
[VERBOSE] usb_product_id not found
[VERBOSE] read_uboot_env: Could not open env flash device...
[VERBOSE] usb_vendor_id not found
[VERBOSE] read_uboot_env: Could not open env flash device...
[VERBOSE] sxid not found
[VERBOSE] Loading USB serial gadget (1317:42151)... Couldn't create ttygserial: module g_serial not found in /proc/devices. Skippingdone.
[VERBOSE] Setting system time...Starting snmpd... 
[VERBOSE] INIT: /dev/initctl is not a fifo
[VERBOSE] 
[VERBOSE] done.
[VERBOSE] 
[VERBOSE] INIT: /dev/initctl is not a fifo
[VERBOSE] 
[VERBOSE] Starting /etc/rc3.d/S30sshd.sh in background...
[VERBOSE] Starting modbus... done.
[VERBOSE] Starting /etc/rc3.d/S40webserver.sh in background...
[VERBOSE] Starting ipsrv... done.
[VERBOSE] Starting firmware_subagent... done.
[VERBOSE] 
[VERBOSE] INIT: /dev/initctl is not a fifo
[VERBOSE] 
[VERBOSE] Starting dnsmasq...not enabled
[VERBOSE] Starting racoon... backgrounded.
[VERBOSE] 
[VERBOSE] INIT: /dev/initctl is not a fifo
[VERBOSE] 
[VERBOSE] racoon: something error happened while pfkey initializing.
[VERBOSE] 
[VERBOSE] INIT: /dev/initctl is not a fifo
[VERBOSE] 
[VERBOSE] Creating SSH1 key; this may take some time ...
[VERBOSE] INIT: /dev/initctl is not a fifo
[VERBOSE] 
[VERBOSE] 
[VERBOSE] INIT: /dev/initctl is not a fifo
[VERBOSE] 
[VERBOSE] 
[VERBOSE] INIT: /dev/initctl is not a fifo
[VERBOSE] 
[VERBOSE] 
[VERBOSE] INIT: /dev/initctl is not a fifo
[VERBOSE] 
[VERBOSE] 
[VERBOSE] INIT: /dev/initctl is not a fifo
[VERBOSE] 
[VERBOSE] 
[VERBOSE] 
[VERBOSE] ### env_missing.yaml:
[VERBOSE] [
[VERBOSE]   "sxid",
[VERBOSE]   "sxserno"
[VERBOSE] ]
[VERBOSE] 
[VERBOSE] ### pseudofiles_failures.yaml:
[VERBOSE] {
[VERBOSE]   "/proc/PID/exe": {
[VERBOSE]     "syscall": {
[VERBOSE]       "count": 528
[VERBOSE]     }
[VERBOSE]   },
[VERBOSE]   "/proc/self": {
[VERBOSE]     "syscall": {
[VERBOSE]       "count": 64
[VERBOSE]     }
[VERBOSE]   },
[VERBOSE]   "/dev/mtd1": {
[VERBOSE]     "open": {
[VERBOSE]       "count": 16
[VERBOSE]     }
[VERBOSE]   },
[VERBOSE]   "/dev/ram": {
[VERBOSE]     "syscall": {
[VERBOSE]       "count": 3
[VERBOSE]     }
[VERBOSE]   },
[VERBOSE]   "/dev/root": {
[VERBOSE]     "syscall": {
[VERBOSE]       "count": 3
[VERBOSE]     }
[VERBOSE]   },
[VERBOSE]   "/dev/root.spare": {
[VERBOSE]     "syscall": {
[VERBOSE]       "count": 3
[VERBOSE]     }
[VERBOSE]   },
[VERBOSE]   "/dev/boot.spare": {
[VERBOSE]     "syscall": {
[VERBOSE]       "count": 2
[VERBOSE]     }
[VERBOSE]   },
[VERBOSE]   "/dev/ttyS0": {
[VERBOSE]     "syscall": {
[VERBOSE]       "count": 1
[VERBOSE]     }
[VERBOSE]   }
[VERBOSE] }
[VERBOSE] 
[VERBOSE] ## Knowledge Base Insights:
[VERBOSE] - Issue: Missing Environment Variable - Unknown Value (Step 1: Dynamic Analysis)
[VERBOSE]   Severity: high
[VERBOSE]   Priority: high
[VERBOSE]   Impact: requires_iteration
[VERBOSE]   Description: Use dynamic analysis with magic value to discover correct value. Requires re-running Penguin.
[VERBOSE]   ⚠️  Requires iteration: After re-run, check env_cmp.txt for candidate values
[VERBOSE] 
[VERBOSE] - Issue: Missing Environment Variable - Candidates Found (Step 2: Apply Value After Dynamic Analysis Has Found the Actual Value)
[VERBOSE]   Severity: high
[VERBOSE]   Priority: high
[VERBOSE]   Impact: critical
[VERBOSE]   Description: Candidate values found via dynamic analysis. Select and apply one. If we see candidates in env_cmp.txt, this action is at the highest priority.
[VERBOSE]   ⚠️  Requires iteration: Re-run needed
[VERBOSE]   Selection: Usually first non-empty candidate is correct
[VERBOSE] 
[VERBOSE] 
[VERBOSE] ## Constraints:
[VERBOSE] {
[VERBOSE]   "max_iterations": 3
[VERBOSE] }
[VERBOSE] ======================================================================
[VERBOSE] ======================================================================
[VERBOSE] [PLANNER] GENERATED PLAN (PARSED)
[VERBOSE] ======================================================================
[VERBOSE] [PLANNER] Plan ID: fw_plan_001
[VERBOSE] {
[VERBOSE]   "id": "fw_plan_001",
[VERBOSE]   "objectives": [
[VERBOSE]     "Resolve missing environment variables",
[VERBOSE]     "Address pseudofile failures"
[VERBOSE]   ],
[VERBOSE]   "options": [
[VERBOSE]     {
[VERBOSE]       "option_id": "1",
[VERBOSE]       "description": "Discover missing env variable 'sxid' using dynamic analysis with a placeholder value",
[VERBOSE]       "problem": "Missing environment variable 'sxid'",
[VERBOSE]       "solution": "Use dynamic analysis to discover the correct value for 'sxid', requiring re-running Penguin with a magic value",
[VERBOSE]       "severity": "high",
[VERBOSE]       "priority": "high",
[VERBOSE]       "impact": "requires_iteration",
[VERBOSE]       "metadata": {
[VERBOSE]         "env_variable": "sxid",
[VERBOSE]         "action_type": "dynamic_analysis"
[VERBOSE]       },
[VERBOSE]       "constraints": {
[VERBOSE]         "iteration_required": true,
[VERBOSE]         "max_iterations": 3
[VERBOSE]       },
[VERBOSE]       "next_steps": [
[VERBOSE]         "Re-run Penguin with dynamic analysis to discover the correct value for 'sxid'",
[VERBOSE]         "Check env_cmp.txt for candidate values after re-run"
[VERBOSE]       ]
[VERBOSE]     },
[VERBOSE]     {
[VERBOSE]       "option_id": "2",
[VERBOSE]       "description": "Add pseudofile '/dev/mtd1' to resolve open syscall failures",
[VERBOSE]       "problem": "Pseudofile failure for '/dev/mtd1'",
[VERBOSE]       "solution": "Add pseudofile '/dev/mtd1' to the configuration",
[VERBOSE]       "severity": "medium",
[VERBOSE]       "priority": "medium",
[VERBOSE]       "impact": "improves_stability",
[VERBOSE]       "metadata": {
[VERBOSE]         "pseudofile_path": "/dev/mtd1",
[VERBOSE]         "action_type": "add_pseudofile"
[VERBOSE]       },
[VERBOSE]       "next_steps": [
[VERBOSE]         "Add pseudofile '/dev/mtd1' to the configuration",
[VERBOSE]         "Re-run Penguin to verify resolution of pseudofile failure"
[VERBOSE]       ]
[VERBOSE]     },
[VERBOSE]     {
[VERBOSE]       "option_id": "3",
[VERBOSE]       "description": "Discover missing env variable 'sxserno' using dynamic analysis with a placeholder value",
[VERBOSE]       "problem": "Missing environment variable 'sxserno'",
[VERBOSE]       "solution": "Use dynamic analysis to discover the correct value for 'sxserno', requiring re-running Penguin with a magic value",
[VERBOSE]       "severity": "high",
[VERBOSE]       "priority": "high",
[VERBOSE]       "impact": "requires_iteration",
[VERBOSE]       "metadata": {
[VERBOSE]         "env_variable": "sxserno",
[VERBOSE]         "action_type": "dynamic_analysis"
[VERBOSE]       },
[VERBOSE]       "constraints": {
[VERBOSE]         "iteration_required": true,
[VERBOSE]         "max_iterations": 3
[VERBOSE]       },
[VERBOSE]       "next_steps": [
[VERBOSE]         "Re-run Penguin with dynamic analysis to discover the correct value for 'sxserno'",
[VERBOSE]         "Check env_cmp.txt for candidate values after re-run"
[VERBOSE]       ]
[VERBOSE]     }
[VERBOSE]   ]
[VERBOSE] }
[VERBOSE] ======================================================================
[VERBOSE] [WORKFLOW] Planner returned updates
[VERBOSE] [WORKFLOW] Plan ID: fw_plan_001
[VERBOSE] ======================================================================
[VERBOSE] [WORKFLOW] NODE: ENGINEER
[VERBOSE] ======================================================================

======================================================================
🔧 ENGINEER: Executing configuration updates...
======================================================================
[VERBOSE] ======================================================================
[VERBOSE] [ENGINEER] ENGINEER: STARTING PLAN EXECUTION
[VERBOSE] ======================================================================
[VERBOSE] [ENGINEER] Plan ID: fw_plan_001
[VERBOSE] [ENGINEER] Total Options: 3
[VERBOSE] [ENGINEER] Discovery Mode: False
[VERBOSE] ======================================================================

🔧 Engineer: Executing plan fw_plan_001 with 3 options...
[VERBOSE] [ENGINEER] [ENGINEER] Limiting execution to 1 options (out of 3 total)
   ⚠️  Limiting to 1 highest priority options (out of 3 total)
[VERBOSE] [ENGINEER] 
[VERBOSE] [ENGINEER] [Option 1/1]
[VERBOSE] [ENGINEER]   ID: 1
[VERBOSE] [ENGINEER]   Priority: high
[VERBOSE] [ENGINEER]   Action: unknown
[VERBOSE] [ENGINEER]   Tool: unknown
[VERBOSE] [ENGINEER]   Description: Discover missing env variable 'sxid' using dynamic analysis with a placeholder value

  [1/1] [HIGH] Discover missing env variable 'sxid' using dynamic analysis with a placeholder value
      Action: unknown | Tool: unknown
[VERBOSE] [ENGINEER] [LLM REASONING] Determining how to implement option 1
[VERBOSE] [ENGINEER]   Description: Discover missing env variable 'sxid' using dynamic analysis with a placeholder value
[VERBOSE] [KB] [ENGINEER] Added 2 KB guidance items to prompt
[VERBOSE] ======================================================================
[VERBOSE] [ENGINEER] CALLING LLM FOR IMPLEMENTATION (Attempt 1/2)
[VERBOSE] ======================================================================
[VERBOSE] [ENGINEER] Model: llama3.3:latest
[VERBOSE] 
[VERBOSE] --- USER PROMPT ---
[VERBOSE] Objective: Discover missing env variable 'sxid' using dynamic analysis with a placeholder value
[VERBOSE] 
[VERBOSE] Context from Planner:
[VERBOSE] {
[VERBOSE]   "option_id": "1",
[VERBOSE]   "description": "Discover missing env variable 'sxid' using dynamic analysis with a placeholder value",
[VERBOSE]   "problem": "Missing environment variable 'sxid'",
[VERBOSE]   "solution": "Use dynamic analysis to discover the correct value for 'sxid', requiring re-running Penguin with a magic value",
[VERBOSE]   "severity": "high",
[VERBOSE]   "priority": "high",
[VERBOSE]   "impact": "requires_iteration",
[VERBOSE]   "metadata": {
[VERBOSE]     "env_variable": "sxid",
[VERBOSE]     "action_type": "dynamic_analysis"
[VERBOSE]   },
[VERBOSE]   "constraints": {
[VERBOSE]     "iteration_required": true,
[VERBOSE]     "max_iterations": 3
[VERBOSE]   },
[VERBOSE]   "next_steps": [
[VERBOSE]     "Re-run Penguin with dynamic analysis to discover the correct value for 'sxid'",
[VERBOSE]     "Check env_cmp.txt for candidate values after re-run"
[VERBOSE]   ]
[VERBOSE] }
[VERBOSE] 
[VERBOSE] Project Path: projects/stride
[VERBOSE] Config File: config.yaml
[VERBOSE] 
[VERBOSE] 
[VERBOSE] Knowledge Base Guidance:
[VERBOSE] 
[VERBOSE] Guidance 1 - Missing Environment Variable - Unknown Value (Step 1: Dynamic Analysis):
[VERBOSE]   Tool: add_environment_variable_placeholder
[VERBOSE]   Action: add_environment_variable_placeholder
[VERBOSE]   Examples:
[VERBOSE]     Example 1: {
[VERBOSE]     "params": {
[VERBOSE]         "name": "sxid",
[VERBOSE]         "path": "env.sxid",
[VERBOSE]         "reason": "Missing environment variable detected in logs - using magic value for dynamic discovery"
[VERBOSE]     }
[VERBOSE] }
[VERBOSE]   Notes: Use add_environment_variable_placeholder to set magic value: DYNVALDYNVALDYNVAL; Re-run Penguin to collect env_cmp.txt; Check env_cmp.txt for candidate values; This is an iterative step - requires follow-up rehosting attempt to find the actual value from the results; Extract variable name from option metadata if available
[VERBOSE] 
[VERBOSE] 
[VERBOSE] Guidance 2 - Missing Environment Variable - Candidates Found (Step 2: Apply Value After Dynamic Analysis Has Found the Actual Value):
[VERBOSE]   Tool: set_environment_variable_value
[VERBOSE]   Action: set_environment_variable_value
[VERBOSE]   Examples:
[VERBOSE]     Example 1: {
[VERBOSE]     "params": {
[VERBOSE]         "name": "sxid",
[VERBOSE]         "path": "env.sxid",
[VERBOSE]         "value": "<actual_value_from_env_cmp.txt>",
[VERBOSE]         "reason": "Candidate value from env_cmp.txt - replacing magic value with actual value"
[VERBOSE]     }
[VERBOSE] }
[VERBOSE]   Notes: Read env_cmp.txt from latest results directory; Pick first valid candidate (non-empty, non-garbage); Use set_environment_variable_value to replace magic value with selected candidate; Re-run to verify new errors appear (progress indicator); Compare console.log differences to confirm progress; Variable name is provided in option metadata - use metadata.variable_name directly
[VERBOSE] 
[VERBOSE] 
[VERBOSE] Task: Determine the specific tool calls needed to implement this objective.
[VERBOSE] Consider what files need to be modified, what values to set, and why.
[VERBOSE] Use the Knowledge Base examples as reference for similar cases.
[VERBOSE] 
[VERBOSE] Generate the implementation plan as JSON.
[VERBOSE] ======================================================================
[VERBOSE] ======================================================================
[VERBOSE] [ENGINEER] LLM RESPONSE
[VERBOSE] ======================================================================
[VERBOSE] {
[VERBOSE]   "reasoning": "The objective is to discover a missing environment variable 'sxid' using dynamic analysis with a placeholder value. According to Guidance 1, we should use add_environment_variable_placeholder to set a magic value for dynamic discovery.",
[VERBOSE]   "action": "execute",
[VERBOSE]   "tool_calls": [
[VERBOSE]     {
[VERBOSE]       "tool": "add_environment_variable_placeholder",
[VERBOSE]       "params": {
[VERBOSE]         "name": "sxid",
[VERBOSE]         "reason": "Missing environment variable detected - using magic value for dynamic discovery"
[VERBOSE]       }
[VERBOSE]     }
[VERBOSE]   ],
[VERBOSE]   "skip_reason": null
[VERBOSE] }
[VERBOSE] ======================================================================
[VERBOSE] [ENGINEER] [LLM REASONING] The objective is to discover a missing environment variable 'sxid' using dynamic analysis with a placeholder value. According to Guidance 1, we should use add_environment_variable_placeholder to set a magic value for dynamic discovery.
[VERBOSE] [ENGINEER] [LLM RESULT] Generated 1 tool calls
[VERBOSE] [ENGINEER] [EXECUTING 1/1] Tool: add_environment_variable_placeholder
[VERBOSE] [ENGINEER]   Params: {
[VERBOSE] [ENGINEER]   "name": "sxid",
[VERBOSE] [ENGINEER]   "reason": "Missing environment variable detected - using magic value for dynamic discovery"
[VERBOSE] [ENGINEER] }
[VERBOSE] [ENGINEER]   ✅ Success: Added environment variable sxid with placeholder value for dynamic discovery
      ✅ Success: All 1 tool calls executed successfully
[VERBOSE] ======================================================================
[VERBOSE] [ENGINEER] ENGINEER: PLAN EXECUTION COMPLETE
[VERBOSE] ======================================================================
[VERBOSE] [ENGINEER] Completed: 1
[VERBOSE] [ENGINEER] Skipped: 0
[VERBOSE] [ENGINEER] Failed: 0
[VERBOSE] [ENGINEER] Total Actions: 1
[VERBOSE] ======================================================================

✨ Plan execution complete:
   ✅ Completed: 1
   ⏭️  Skipped: 0
   ❌ Failed: 0

======================================================================
CONFIGURATION SUMMARY
======================================================================
File: projects/stride/config.yaml
Exists: True
Has Changes: True
Sections: core, patches, env, pseudofiles, nvram, netdevs, blocked_signals, lib_inject, static_files, plugins
  core: 14 items
  patches: 14 items
  env: 1 items
  pseudofiles: 0 items
  nvram: 0 items
  netdevs: 0 items
  blocked_signals: 0 items
  lib_inject: 0 items
  static_files: 0 items
  plugins: 0 items
======================================================================

======================================================================
CONFIGURATION CHANGES
======================================================================
--- original config.yaml+++ current config.yaml@@ -28,7 +28,8 @@ - static_patches/static.shims.stop_bins.yaml
 - static_patches/static.shims.no_modules.yaml
 - static_patches/nvram.04_defaults.yaml
-env: {}
+env:
+  sxid: DYNVALDYNVALDYNVAL
 pseudofiles: {}
 nvram: {}
 netdevs: []

======================================================================
[VERBOSE] [WORKFLOW] Engineer returned updates
[VERBOSE] [WORKFLOW] Actions: 1
[VERBOSE] [WORKFLOW] Complete: True
[VERBOSE] ======================================================================
[VERBOSE] [WORKFLOW] WORKFLOW: COMPLETED
[VERBOSE] ======================================================================
[VERBOSE] [WORKFLOW] Done: True
[VERBOSE] [WORKFLOW] Total actions: 1
[VERBOSE] ======================================================================

[DEBUG] Checking 1 actions for add_environment_variable_placeholder
[DEBUG] Action tool: add_environment_variable_placeholder, input: {'name': 'sxid', 'reason': 'Missing environment variable detected - using magic value for dynamic discovery'}

🔍 ENTERING DISCOVERY MODE for variable: sxid
   Next iteration will focus on discovering value for this variable
  ✓ Multi-agent workflow completed
    Plan ID: fw_plan_001
    Objectives: 2
    Options executed: 3
    Actions completed: 1
    Total accumulated actions: 1
[VERBOSE] ======================================================================
[VERBOSE] [WORKFLOW] WORKFLOW: MULTI-AGENT EXECUTION COMPLETE
[VERBOSE] ======================================================================
[VERBOSE] [WORKFLOW] Plan ID: fw_plan_001
[VERBOSE] [WORKFLOW] Total actions: 1
[VERBOSE] [WORKFLOW] Accumulated actions: 1
[VERBOSE] [WORKFLOW] Execution done: True
[VERBOSE] ======================================================================

Max Iterations: 3, Current Iteration: 2
Iteration 1 Running Penguin...

===== Running Penguin for 2 minutes =====
[cmd] ['penguin', '--image', 'rehosting/penguin:v1.4.65', 'run', 'projects/stride/config.yaml', '--timeout', '120']
[32m22:23:10[0m [34mpenguin[0m [1;30mINFO[0m penguin v1.4.65
[32m22:23:10[0m [34mpenguin[0m [1;30mWARNING[0m [33mCurrent penguin file does not match [1;34m/usr/local/src/penguin_wrapper.[0m[0m
[32m22:23:10[0m [34mpenguin[0m [1;30mWARNING[0m [33mReinstall global penguin from container with "docker run rehosting[1;34m/penguin[0m penguin_install | sudo sh"[0m
[32m22:23:10[0m [34mpenguin[0m [1;30mWARNING[0m [33mReinstall local penguin from container with "docker run rehosting[1;34m/penguin[0m penguin_install.local | sh"[0m
[32m22:23:10[0m [34mpenguin[0m [1;30mINFO[0m Running project [1;34m/host_stride[0m with config [1;34m/config.yaml[0m
[32m22:23:10[0m [34mpenguin[0m [1;30mINFO[0m Saving results to [1;34m/host_stride/results/1[0m
[32m22:23:10[0m [34mpenguin[0m [1;30mINFO[0m Note messages referencing [1;34m/host[0m paths reflect automatically-mapped shared directories based on your command line arguments
[32m22:23:12[0m [34mpenguin.runner[0m [1;30mINFO[0m Logging console output to [1;34m/host_stride/results/1/console.log[0m
PANDA[core]:os_familyno=2 bits=32 os_details=generic
PANDA[syscalls2]:using profile for linux arm
PANDA[osi_linux]:W> failed to read task.switch_task_hook_addr
PANDA[osi_linux]:W> kernelinfo bytes [20-23] not read
[32m22:23:12[0m [34mpenguin.runner[0m [1;30mINFO[0m Loading plugins
[32m22:23:12[0m [34mplugins.core[0m [1;30mINFO[0m Root shell will be available at: [1;32m192.168.3.2:23[0m
[32m22:23:12[0m [34mplugins.core[0m [1;30mINFO[0m Connect with: telnet 192.168.3.2
[32m22:23:12[0m [34mplugins.TargetCmp[0m [1;30mINFO[0m Dynamically searching for sxid
callstack_instr:  using asid stack_type
[32m22:23:12[0m [34mpenguin.runner[0m [1;30mINFO[0m Launching rehosting
[32m22:25:12[0m [34mplugins.core[0m [1;30mWARNING[0m [33mShutdown thread: execution timed out after 120s - shutting down guest[0m
[32m22:25:13[0m [34mpenguin.run_manager[0m [1;30mINFO[0m Emulation finishes after 123.10 seconds with return code 0 for [1;34m/host_stride/config.yaml[0m

[Results] Collecting from: projects/stride/results/1
  ✓ Penguin run completed (exit code: 0)
  ✓ Results collected from run #1
🤖 Running multi-agent workflow (Planner → Engineer)...
[VERBOSE] ======================================================================
[VERBOSE] [WORKFLOW] WORKFLOW: BUILDING CONTEXT FOR MULTI-AGENT SYSTEM
[VERBOSE] ======================================================================
[VERBOSE] [WORKFLOW] Firmware: resources/firmware/stride.rootfs.tar.gz
[VERBOSE] [WORKFLOW] Project: projects/stride
[VERBOSE] ======================================================================
[VERBOSE] [WORKFLOW] Knowledge Base: ENABLED
[VERBOSE] [WORKFLOW]   Using built-in KB
[VERBOSE] ======================================================================
[VERBOSE] [WORKFLOW] WORKFLOW: GRAPH BUILT
[VERBOSE] ======================================================================
[VERBOSE] [WORKFLOW] Nodes: planner, engineer
[VERBOSE] [WORKFLOW] Flow: START → planner → engineer → END
[VERBOSE] ======================================================================
🔍 DISCOVERY MODE active for variable: sxid
[VERBOSE] ======================================================================
[VERBOSE] [WORKFLOW] WORKFLOW: STARTING
[VERBOSE] ======================================================================
[VERBOSE] [WORKFLOW] Firmware: resources/firmware/stride.rootfs.tar.gz
[VERBOSE] [WORKFLOW] Project: projects/stride
[VERBOSE] [WORKFLOW] Goal: Analyze Penguin rehosting results and generate configuration update plan that improves firmware execution
[VERBOSE] [WORKFLOW] Context sources: ['metadata', 'penguin_init', 'penguin_run', 'penguin_results', 'console.log', 'env_missing.yaml', 'pseudofiles_failures.yaml', 'env_cmp.txt', 'previous_iterations']
[VERBOSE] ======================================================================

======================================================================
🚀 MULTI-AGENT WORKFLOW: Starting
======================================================================
Firmware: resources/firmware/stride.rootfs.tar.gz
Project: projects/stride
======================================================================
[VERBOSE] ======================================================================
[VERBOSE] [WORKFLOW] NODE: PLANNER
[VERBOSE] ======================================================================

======================================================================
🧠 PLANNER: Analyzing results and generating plan...
======================================================================
[VERBOSE] [CONTEXT] [PLANNER] DISCOVERY MODE active for variable: sxid
[VERBOSE] [LLM] [PLANNER] Using DISCOVERY MODE prompt for variable: sxid
[VERBOSE] ======================================================================
[VERBOSE] [PLANNER] CALLING LLM (Retry: False)
[VERBOSE] ======================================================================
[VERBOSE] [PLANNER] Model: llama3.3:latest
[VERBOSE] 
[VERBOSE] --- SYSTEM PROMPT ---
[VERBOSE] 🔍 DISCOVERY MODE: Resolve environment variable with discovered value
[VERBOSE] 
[VERBOSE] ## What is Discovery Mode?
[VERBOSE] In the previous iteration, you added a placeholder environment variable with value "DYNVALDYNVALDYNVAL" to discover its actual value at runtime. The firmware has now run with this placeholder, and Penguin captured candidate values in env_cmp.txt by monitoring string comparisons.
[VERBOSE] 
[VERBOSE] ## Your Task
[VERBOSE] Analyze env_cmp.txt results for variable "sxid" and create a plan to either:
[VERBOSE] 1. **Apply the discovered value** (if env_cmp.txt has candidates)
[VERBOSE] 2. **Remove the placeholder** (if env_cmp.txt is empty - discovery failed)
[VERBOSE] 
[VERBOSE] ⚠️ **CRITICAL**: Generate EXACTLY ONE option in your plan. No multiple options in discovery mode.
[VERBOSE] 
[VERBOSE] ## Output Format
[VERBOSE] Generate a plan in JSON format following the standard schema with EXACTLY ONE option.
[VERBOSE] 
[VERBOSE] **If env_cmp.txt has candidate values:**
[VERBOSE] {
[VERBOSE]   "id": "discovery_sxid",
[VERBOSE]   "objectives": ["Apply discovered value for sxid"],
[VERBOSE]   "options": [{
[VERBOSE]     "option_id": "1",
[VERBOSE]     "description": "Set sxid with discovered value",
[VERBOSE]     "problem": "Placeholder needs replacement with actual value",
[VERBOSE]     "solution": {"action": "set_value", "path": "env.sxid", "value": "<FIRST_CANDIDATE_FROM_ENV_CMP>"},
[VERBOSE]     "priority": "critical",
[VERBOSE]     "impact": "Applies discovered value to environment variable",
[VERBOSE]     "metadata": {"variable_name": "sxid", "config_path": "env.sxid"}
[VERBOSE]   }]
[VERBOSE] }
[VERBOSE] 
[VERBOSE] **If env_cmp.txt is empty or has no relevant values:**
[VERBOSE] {
[VERBOSE]   "id": "discovery_sxid",
[VERBOSE]   "objectives": ["Remove failed discovery for sxid"],
[VERBOSE]   "options": [{
[VERBOSE]     "option_id": "1",
[VERBOSE]     "description": "Remove sxid - discovery unsuccessful",
[VERBOSE]     "problem": "No candidate values discovered",
[VERBOSE]     "solution": {"action": "remove_variable", "path": "env.sxid", "value": null},
[VERBOSE]     "priority": "high",
[VERBOSE]     "impact": "Removes placeholder that failed discovery",
[VERBOSE]     "metadata": {"variable_name": "sxid", "config_path": "env.sxid"}
[VERBOSE]   }]
[VERBOSE] }
[VERBOSE] 
[VERBOSE] Output ONLY valid JSON matching the schema.
[VERBOSE] 
[VERBOSE] --- USER PROMPT ---
[VERBOSE] ## Goal:
[VERBOSE] Analyze Penguin rehosting results and generate configuration update plan that improves firmware execution
[VERBOSE] 
[VERBOSE] ## Context:
[VERBOSE] ## 🔍 DISCOVERY MODE - Variable: sxid
[VERBOSE] Analyzing env_cmp.txt for candidate values and console output for errors.
[VERBOSE] 
[VERBOSE] ## env_cmp.txt (Discovered Candidates):
[VERBOSE] 0150_5MS-MDM-1
[VERBOSE] 0150S_5MS-5SC
[VERBOSE] H
[VERBOSE] 
[VERBOSE] 
[VERBOSE] ## console.log (Error Context):
[VERBOSE] [IGLOO INIT] Launching root shell
[VERBOSE] [IGLOO INIT] Launching VPN
[VERBOSE] ip: RTNETLINK answers: File exists
[VERBOSE] [IGLOO INIT] Running specified init binary
[VERBOSE] 
[VERBOSE] INIT: version 2.86 booting
[VERBOSE] 
[VERBOSE] 
[VERBOSE] INIT: /dev/initctl is not a fifo
[VERBOSE] 
[VERBOSE] Warning: could not erase sector 2: Illegal seek
[VERBOSE] Warning: could not read block 0: Illegal seek
[VERBOSE] Warning: could not erase sector 0: Illegal seek
[VERBOSE] mke2fs: Illegal seek while zeroing block 1984 at end of filesystem
[VERBOSE] 
[VERBOSE] 
[VERBOSE] Could not write 8 blocks in inode table starting at 5: Illegal seek
[VERBOSE] [   24.457713] EXT2-fs (ram0): error: can't find an ext2 filesystem on dev ram0.
[VERBOSE] mount: wrong fs type, bad option, bad superblock on /dev/ram0,
[VERBOSE]        missing codepage or other error
[VERBOSE]        In some cases useful info is found in syslog - try
[VERBOSE]        dmesg | tail  or so
[VERBOSE] 
[VERBOSE] read_uboot_env: Could not open env flash device...
[VERBOSE] sxid not found
[VERBOSE] mount: /dev/boot is not a block device (maybe try `-o loop'?)
[VERBOSE] [   29.133210] EXT2-fs (ram0): error: can't find an ext2 filesystem on dev ram0.
[VERBOSE] mount: wrong fs type, bad option, bad superblock on /dev/ram0,
[VERBOSE]        missing codepage or other error
[VERBOSE]        In some cases useful info is found in syslog - try
[VERBOSE]        dmesg | tail  or so
[VERBOSE] 
[VERBOSE] mount: special device /dev/root.spare does not exist
[VERBOSE] mount: mount point /alternate/boot does not exist
[VERBOSE] Initializing DSA driver...
[VERBOSE] Couldn't create dsa: module dsa not found in /proc/devices. SkippingNo configuration for SXID 'DYNVALDYNVALDYNVAL'
[VERBOSE] findSwm: Error: Unable to load configuration for SXID 'DYNVALDYNVALDYNVAL'
[VERBOSE] /etc/rc.d/60_config: line 92: can't open /config/current//etc/switch//main.config: no such file
[VERBOSE] Installing default configuration... 
[VERBOSE] 
[VERBOSE] 
[VERBOSE] ## Constraints:
[VERBOSE] {
[VERBOSE]   "max_iterations": 3
[VERBOSE] }
[VERBOSE] ======================================================================
[VERBOSE] ======================================================================
[VERBOSE] [PLANNER] GENERATED PLAN (PARSED)
[VERBOSE] ======================================================================
[VERBOSE] [PLANNER] Plan ID: discovery_sxid
[VERBOSE] {
[VERBOSE]   "id": "discovery_sxid",
[VERBOSE]   "objectives": [
[VERBOSE]     "Apply discovered value for sxid"
[VERBOSE]   ],
[VERBOSE]   "options": [
[VERBOSE]     {
[VERBOSE]       "option_id": "1",
[VERBOSE]       "description": "Set sxid with discovered value",
[VERBOSE]       "problem": "Placeholder needs replacement with actual value",
[VERBOSE]       "solution": {
[VERBOSE]         "action": "set_value",
[VERBOSE]         "path": "env.sxid",
[VERBOSE]         "value": "0150_5MS-MDM-1"
[VERBOSE]       },
[VERBOSE]       "priority": "critical",
[VERBOSE]       "impact": "Applies discovered value to environment variable",
[VERBOSE]       "metadata": {
[VERBOSE]         "variable_name": "sxid",
[VERBOSE]         "config_path": "env.sxid"
[VERBOSE]       }
[VERBOSE]     }
[VERBOSE]   ]
[VERBOSE] }
[VERBOSE] ======================================================================
[VERBOSE] [WORKFLOW] Planner returned updates
[VERBOSE] [WORKFLOW] Plan ID: discovery_sxid
[VERBOSE] ======================================================================
[VERBOSE] [WORKFLOW] NODE: ENGINEER
[VERBOSE] ======================================================================

======================================================================
🔧 ENGINEER: Executing configuration updates...
======================================================================
[VERBOSE] ======================================================================
[VERBOSE] [ENGINEER] ENGINEER: STARTING PLAN EXECUTION
[VERBOSE] ======================================================================
[VERBOSE] [ENGINEER] Plan ID: discovery_sxid
[VERBOSE] [ENGINEER] Total Options: 1
[VERBOSE] [ENGINEER] Discovery Mode: True
[VERBOSE] ======================================================================

🔧 Engineer: Executing plan discovery_sxid with 1 options...
[VERBOSE] [ENGINEER] 
[VERBOSE] [ENGINEER] [Option 1/1]
[VERBOSE] [ENGINEER]   ID: 1
[VERBOSE] [ENGINEER]   Priority: critical
[VERBOSE] [ENGINEER]   Action: unknown
[VERBOSE] [ENGINEER]   Tool: unknown
[VERBOSE] [ENGINEER]   Description: Set sxid with discovered value

  [1/1] [CRITICAL] Set sxid with discovered value
      Action: unknown | Tool: unknown
[VERBOSE] [ENGINEER] [LLM REASONING] Determining how to implement option 1
[VERBOSE] [ENGINEER]   Description: Set sxid with discovered value
[VERBOSE] [KB] [ENGINEER] Added 2 KB guidance items to prompt
[VERBOSE] [LLM] [ENGINEER] Using DISCOVERY MODE prompt
[VERBOSE] [LLM] [ENGINEER] Metadata: variable_name=sxid, config_path=env.sxid
[VERBOSE] ======================================================================
[VERBOSE] [ENGINEER] CALLING LLM FOR IMPLEMENTATION (Attempt 1/2)
[VERBOSE] ======================================================================
[VERBOSE] [ENGINEER] Model: llama3.3:latest
[VERBOSE] 
[VERBOSE] --- USER PROMPT ---
[VERBOSE] Objective: Set sxid with discovered value
[VERBOSE] 
[VERBOSE] Context from Planner:
[VERBOSE] {
[VERBOSE]   "option_id": "1",
[VERBOSE]   "description": "Set sxid with discovered value",
[VERBOSE]   "problem": "Placeholder needs replacement with actual value",
[VERBOSE]   "solution": {
[VERBOSE]     "action": "set_value",
[VERBOSE]     "path": "env.sxid",
[VERBOSE]     "value": "0150_5MS-MDM-1"
[VERBOSE]   },
[VERBOSE]   "priority": "critical",
[VERBOSE]   "impact": "Applies discovered value to environment variable",
[VERBOSE]   "metadata": {
[VERBOSE]     "variable_name": "sxid",
[VERBOSE]     "config_path": "env.sxid"
[VERBOSE]   }
[VERBOSE] }
[VERBOSE] 
[VERBOSE] Project Path: projects/stride
[VERBOSE] Config File: config.yaml
[VERBOSE] 
[VERBOSE] 
[VERBOSE] Knowledge Base Guidance:
[VERBOSE] 
[VERBOSE] Guidance 1 - Missing Environment Variable - Unknown Value (Step 1: Dynamic Analysis):
[VERBOSE]   Tool: add_environment_variable_placeholder
[VERBOSE]   Action: add_environment_variable_placeholder
[VERBOSE]   Examples:
[VERBOSE]     Example 1: {
[VERBOSE]     "params": {
[VERBOSE]         "name": "sxid",
[VERBOSE]         "path": "env.sxid",
[VERBOSE]         "reason": "Missing environment variable detected in logs - using magic value for dynamic discovery"
[VERBOSE]     }
[VERBOSE] }
[VERBOSE]   Notes: Use add_environment_variable_placeholder to set magic value: DYNVALDYNVALDYNVAL; Re-run Penguin to collect env_cmp.txt; Check env_cmp.txt for candidate values; This is an iterative step - requires follow-up rehosting attempt to find the actual value from the results; Extract variable name from option metadata if available
[VERBOSE] 
[VERBOSE] 
[VERBOSE] Guidance 2 - Missing Environment Variable - Candidates Found (Step 2: Apply Value After Dynamic Analysis Has Found the Actual Value):
[VERBOSE]   Tool: set_environment_variable_value
[VERBOSE]   Action: set_environment_variable_value
[VERBOSE]   Examples:
[VERBOSE]     Example 1: {
[VERBOSE]     "params": {
[VERBOSE]         "name": "sxid",
[VERBOSE]         "path": "env.sxid",
[VERBOSE]         "value": "<actual_value_from_env_cmp.txt>",
[VERBOSE]         "reason": "Candidate value from env_cmp.txt - replacing magic value with actual value"
[VERBOSE]     }
[VERBOSE] }
[VERBOSE]   Notes: Read env_cmp.txt from latest results directory; Pick first valid candidate (non-empty, non-garbage); Use set_environment_variable_value to replace magic value with selected candidate; Re-run to verify new errors appear (progress indicator); Compare console.log differences to confirm progress; Variable name is provided in option metadata - use metadata.variable_name directly
[VERBOSE] 
[VERBOSE] 
[VERBOSE] Task: Determine the specific tool calls needed to implement this objective.
[VERBOSE] Consider what files need to be modified, what values to set, and why.
[VERBOSE] Use the Knowledge Base examples as reference for similar cases.
[VERBOSE] 
[VERBOSE] Generate the implementation plan as JSON.
[VERBOSE] ======================================================================
[VERBOSE] ======================================================================
[VERBOSE] [ENGINEER] LLM RESPONSE
[VERBOSE] ======================================================================
[VERBOSE] {"reasoning": "The planner has decided to apply a discovered value for the environment variable sxid. This requires using the set_environment_variable_value tool to replace the placeholder with the actual value found in env_cmp.txt.", "action": "execute", "tool_calls": [{"tool": "set_environment_variable_value", "params": {"name": "sxid", "value": "0150_5MS-MDM-1", "reason": "Applied discovered value from env_cmp.txt"}}]}
[VERBOSE] ======================================================================
[VERBOSE] [ENGINEER] [LLM REASONING] The planner has decided to apply a discovered value for the environment variable sxid. This requires using the set_environment_variable_value tool to replace the placeholder with the actual value found in env_cmp.txt.
[VERBOSE] [ENGINEER] [LLM RESULT] Generated 1 tool calls
[VERBOSE] [ENGINEER] [EXECUTING 1/1] Tool: set_environment_variable_value
[VERBOSE] [ENGINEER]   Params: {
[VERBOSE] [ENGINEER]   "name": "sxid",
[VERBOSE] [ENGINEER]   "value": "0150_5MS-MDM-1",
[VERBOSE] [ENGINEER]   "reason": "Applied discovered value from env_cmp.txt"
[VERBOSE] [ENGINEER] }
[VERBOSE] [ENGINEER]   ✅ Success: Set environment variable sxid = 0150_5MS-MDM-1
      ✅ Success: All 1 tool calls executed successfully
[VERBOSE] ======================================================================
[VERBOSE] [ENGINEER] ENGINEER: PLAN EXECUTION COMPLETE
[VERBOSE] ======================================================================
[VERBOSE] [ENGINEER] Completed: 1
[VERBOSE] [ENGINEER] Skipped: 0
[VERBOSE] [ENGINEER] Failed: 0
[VERBOSE] [ENGINEER] Total Actions: 1
[VERBOSE] ======================================================================

✨ Plan execution complete:
   ✅ Completed: 1
   ⏭️  Skipped: 0
   ❌ Failed: 0

======================================================================
CONFIGURATION SUMMARY
======================================================================
File: projects/stride/config.yaml
Exists: True
Has Changes: True
Sections: core, patches, env, pseudofiles, nvram, netdevs, blocked_signals, lib_inject, static_files, plugins
  core: 14 items
  patches: 14 items
  env: 1 items
  pseudofiles: 0 items
  nvram: 0 items
  netdevs: 0 items
  blocked_signals: 0 items
  lib_inject: 0 items
  static_files: 0 items
  plugins: 0 items
======================================================================

======================================================================
CONFIGURATION CHANGES
======================================================================
--- original config.yaml+++ current config.yaml@@ -29,7 +29,7 @@ - static_patches/static.shims.no_modules.yaml
 - static_patches/nvram.04_defaults.yaml
 env:
-  sxid: DYNVALDYNVALDYNVAL
+  sxid: 0150_5MS-MDM-1
 pseudofiles: {}
 nvram: {}
 netdevs: []

======================================================================
[VERBOSE] [WORKFLOW] Engineer returned updates
[VERBOSE] [WORKFLOW] Actions: 1
[VERBOSE] [WORKFLOW] Complete: True
[VERBOSE] ======================================================================
[VERBOSE] [WORKFLOW] WORKFLOW: COMPLETED
[VERBOSE] ======================================================================
[VERBOSE] [WORKFLOW] Done: True
[VERBOSE] [WORKFLOW] Total actions: 1
[VERBOSE] ======================================================================

✅ EXITING DISCOVERY MODE for variable: sxid
   Discovery process completed
  ✓ Multi-agent workflow completed
    Plan ID: discovery_sxid
    Objectives: 1
    Options executed: 1
    Actions completed: 1
    Total accumulated actions: 2
[VERBOSE] ======================================================================
[VERBOSE] [WORKFLOW] WORKFLOW: MULTI-AGENT EXECUTION COMPLETE
[VERBOSE] ======================================================================
[VERBOSE] [WORKFLOW] Plan ID: discovery_sxid
[VERBOSE] [WORKFLOW] Total actions: 1
[VERBOSE] [WORKFLOW] Accumulated actions: 2
[VERBOSE] [WORKFLOW] Execution done: True
[VERBOSE] ======================================================================

Max Iterations: 3, Current Iteration: 3
Iteration 2 Running Penguin...

===== Running Penguin for 2 minutes =====
[cmd] ['penguin', '--image', 'rehosting/penguin:v1.4.65', 'run', 'projects/stride/config.yaml', '--timeout', '120']
[32m22:25:43[0m [34mpenguin[0m [1;30mINFO[0m penguin v1.4.65
[32m22:25:43[0m [34mpenguin[0m [1;30mWARNING[0m [33mCurrent penguin file does not match [1;34m/usr/local/src/penguin_wrapper.[0m[0m
[32m22:25:43[0m [34mpenguin[0m [1;30mWARNING[0m [33mReinstall global penguin from container with "docker run rehosting[1;34m/penguin[0m penguin_install | sudo sh"[0m
[32m22:25:43[0m [34mpenguin[0m [1;30mWARNING[0m [33mReinstall local penguin from container with "docker run rehosting[1;34m/penguin[0m penguin_install.local | sh"[0m
[32m22:25:43[0m [34mpenguin[0m [1;30mINFO[0m Running project [1;34m/host_stride[0m with config [1;34m/config.yaml[0m
[32m22:25:43[0m [34mpenguin[0m [1;30mINFO[0m Saving results to [1;34m/host_stride/results/2[0m
[32m22:25:43[0m [34mpenguin[0m [1;30mINFO[0m Note messages referencing [1;34m/host[0m paths reflect automatically-mapped shared directories based on your command line arguments
[32m22:25:45[0m [34mpenguin.runner[0m [1;30mINFO[0m Logging console output to [1;34m/host_stride/results/2/console.log[0m
PANDA[core]:os_familyno=2 bits=32 os_details=generic
PANDA[syscalls2]:using profile for linux arm
PANDA[osi_linux]:W> failed to read task.switch_task_hook_addr
PANDA[osi_linux]:W> kernelinfo bytes [20-23] not read
[32m22:25:45[0m [34mpenguin.runner[0m [1;30mINFO[0m Loading plugins
[32m22:25:45[0m [34mplugins.core[0m [1;30mINFO[0m Root shell will be available at: [1;32m192.168.3.2:23[0m
[32m22:25:45[0m [34mplugins.core[0m [1;30mINFO[0m Connect with: telnet 192.168.3.2
[32m22:25:45[0m [34mpenguin.runner[0m [1;30mINFO[0m Launching rehosting
^C[32m22:26:17[0m [34mpenguin.run_manager[0m [1;30mWARNING[0m [33mReceived keyboard interrupt while running emulation[0m
[32m22:26:17[0m [34mpenguin.run_manager[0m [1;30mINFO[0m Please wait up to 60s for graceful shutdown and result reporting
[32m22:26:17[0m [34mpenguin.run_manager[0m [1;30mINFO[0m Otherwise, press Ctrl+C again to force kill
[32m22:26:17[0m [34mplugins.core[0m [1;30mINFO[0m Caught SIGUSR1 - gracefully shutdown emulation
[32m22:26:18[0m [34mplugins.core[0m [1;30mWARNING[0m [33mShutdown thread: Guest shutdown detected, exiting thread.[0m
^CTraceback (most recent call last):
  File "/pkg/penguin/manager.py", line 218, in run
    p.wait(timeout=timeout_s + 180 if timeout_s else None)
  File "/usr/lib/python3.10/subprocess.py", line 1209, in wait
    return self._wait(timeout=timeout)
  File "/usr/lib/python3.10/subprocess.py", line 1953, in _wait
    time.sleep(delay)
KeyboardInterrupt

During handling of the above exception, another exception occurred:

Traceback (most recent call last):
  File "/usr/local/bin/penguin", line 33, in <module>
    sys.exit(load_entry_point('penguin', 'console_scripts', 'penguin')())
  File "/pkg/penguin/__main__.py", line 685, in main
    penguin_run(args)
  File "/pkg/penguin/__main__.py", line 426, in penguin_run
    run_from_config(args.project_dir, args.config, args.output, timeout=args.timeout, verbose=args.verbose)
  File "/pkg/penguin/__main__.py", line 84, in run_from_config
    PandaRunner().run(
  File "/pkg/penguin/manager.py", line 237, in run
    p.wait(
  File "/usr/lib/python3.10/subprocess.py", line 1209, in wait
    return self._wait(timeout=timeout)
  File "/usr/lib/python3.10/subprocess.py", line 1953, in _wait
    time.sleep(delay)
KeyboardInterrupt

[Results] Collecting from: projects/stride/results/2
  ✓ Penguin run completed (exit code: 130)
  ✓ Results collected from run #2
🤖 Running multi-agent workflow (Planner → Engineer)...
[VERBOSE] ======================================================================
[VERBOSE] [WORKFLOW] WORKFLOW: BUILDING CONTEXT FOR MULTI-AGENT SYSTEM
[VERBOSE] ======================================================================
[VERBOSE] [WORKFLOW] Firmware: resources/firmware/stride.rootfs.tar.gz
[VERBOSE] [WORKFLOW] Project: projects/stride
[VERBOSE] ======================================================================
[VERBOSE] [WORKFLOW] Knowledge Base: ENABLED
[VERBOSE] [WORKFLOW]   Using built-in KB
[VERBOSE] ======================================================================
[VERBOSE] [WORKFLOW] WORKFLOW: GRAPH BUILT
[VERBOSE] ======================================================================
[VERBOSE] [WORKFLOW] Nodes: planner, engineer
[VERBOSE] [WORKFLOW] Flow: START → planner → engineer → END
[VERBOSE] ======================================================================
[VERBOSE] ======================================================================
[VERBOSE] [WORKFLOW] WORKFLOW: STARTING
[VERBOSE] ======================================================================
[VERBOSE] [WORKFLOW] Firmware: resources/firmware/stride.rootfs.tar.gz
[VERBOSE] [WORKFLOW] Project: projects/stride
[VERBOSE] [WORKFLOW] Goal: Analyze Penguin rehosting results and generate configuration update plan that improves firmware execution
[VERBOSE] [WORKFLOW] Context sources: ['metadata', 'penguin_init', 'penguin_run', 'penguin_results', 'console.log', 'env_missing.yaml', 'pseudofiles_failures.yaml', 'previous_iterations']
[VERBOSE] ======================================================================

======================================================================
🚀 MULTI-AGENT WORKFLOW: Starting
======================================================================
Firmware: resources/firmware/stride.rootfs.tar.gz
Project: projects/stride
======================================================================
[VERBOSE] ======================================================================
[VERBOSE] [WORKFLOW] NODE: PLANNER
[VERBOSE] ======================================================================

======================================================================
🧠 PLANNER: Analyzing results and generating plan...
======================================================================
[VERBOSE] [CONTEXT] [PLANNER] Loaded config.yaml from: projects/stride/config.yaml
[VERBOSE] [KB] [PLANNER] KB returned 2 insights
[VERBOSE] ======================================================================
[VERBOSE] [PLANNER] CALLING LLM (Retry: False)
[VERBOSE] ======================================================================
[VERBOSE] [PLANNER] Model: llama3.3:latest
[VERBOSE] 
[VERBOSE] --- SYSTEM PROMPT ---
[VERBOSE] You are a firmware rehosting planner analyzing Penguin configuration issues.
[VERBOSE] 
[VERBOSE] ## Your Task
[VERBOSE] Analyze the provided goal, context, and constraints, then create a comprehensive plan to achieve the goal. Output the plan in JSON format following the schema provided at the end.
[VERBOSE] 
[VERBOSE] ## Key Configuration Targets
[VERBOSE] 
[VERBOSE] **env** (environment variables): Main focus if env_missing.yaml or env_cmp.txt present
[VERBOSE] **pseudofiles** (device files): Add if pseudofiles_failures.yaml shows missing devices
[VERBOSE] **core/patches**: Rarely modified (auto-handled)
[VERBOSE] 
[VERBOSE] ## Common Patterns
[VERBOSE] 
[VERBOSE] 1. **Missing env vars WITHOUT known values**: Add ONE placeholder for discovery (⚠️ only ONE per cycle)
[VERBOSE] 2. **Missing devices**: Add pseudofile entries for /dev/*, /proc/*, /sys/* paths
[VERBOSE] 3. **Crashes/panics**: Check env vars and device dependencies first
[VERBOSE] 
[VERBOSE] ## Discovery Constraint
[VERBOSE] ⚠️ CRITICAL: Only ONE environment variable can use placeholder (DYNVALDYNVALDYNVAL) per rehosting cycle. If multiple unknowns exist, prioritize the most critical ONE.
[VERBOSE] 
[VERBOSE] ## Important Notes
[VERBOSE] - **metadata field**: Include structured data for Engineer (e.g., variable_name="sxid", config_path="env.sxid" for env vars, or device_path="/dev/mtd1" for pseudofiles). Omit fields not applicable. IMPORTANT: Don't add metadata if not relevant to the option!
[VERBOSE] - Priority levels: critical (crashes) > high (missing critical data) > medium (nice-to-have) > low (optimization)
[VERBOSE] - Output ONLY valid JSON, no markdown.
[VERBOSE] 
[VERBOSE] ## Expected JSON Output Format
[VERBOSE] 
[VERBOSE] {
[VERBOSE]   "id": "fw_plan_<unique_id>",
[VERBOSE]   "objectives": [
[VERBOSE]     "<objective1>",
[VERBOSE]     "<objective2>"
[VERBOSE]   ],
[VERBOSE]   "options": [
[VERBOSE]     {
[VERBOSE]       "option_id": "1",
[VERBOSE]       "description": "<brief_summary>",
[VERBOSE]       "problem": "<specific_problem>",
[VERBOSE]       "solution": "<solution_approach>",
[VERBOSE]       "priority": "critical|high|medium|low",
[VERBOSE]       "impact": "<expected_impact>",
[VERBOSE]       "metadata": {
[VERBOSE]         "variable_name": "<var_name_if_env_var_issue>",
[VERBOSE]         "config_path": "<path_if_applicable>",
[VERBOSE]         "device_path": "<device_path_if_pseudofile>"
[VERBOSE]       }
[VERBOSE]     }
[VERBOSE]   ]
[VERBOSE] }
[VERBOSE] 
[VERBOSE] --- USER PROMPT ---
[VERBOSE] ## Goal:
[VERBOSE] Analyze Penguin rehosting results and generate configuration update plan that improves firmware execution
[VERBOSE] 
[VERBOSE] ## Context:
[VERBOSE] ## Previous Penguin Configuration (config.yaml):
[VERBOSE] This is the configuration used in the previous rehosting attempt.
[VERBOSE] ```yaml
[VERBOSE] core:
[VERBOSE]   fs: ./base/fs.tar.gz
[VERBOSE]   plugin_path: /pyplugins
[VERBOSE]   root_shell: false
[VERBOSE]   strace: false
[VERBOSE]   ltrace: false
[VERBOSE]   force_www: false
[VERBOSE]   show_output: false
[VERBOSE]   immutable: true
[VERBOSE]   network: false
[VERBOSE]   version: 2
[VERBOSE]   auto_patching: true
[VERBOSE]   guest_cmd: false
[VERBOSE]   mem: 2G
[VERBOSE]   kernel_quiet: true
[VERBOSE] patches:
[VERBOSE] - static_patches/base.yaml
[VERBOSE] - static_patches/manual.yaml
[VERBOSE] - static_patches/netdevs.default.yaml
[VERBOSE] - static_patches/netdevs.dynamic.yaml
[VERBOSE] - static_patches/pseudofiles.expert_knowledge.yaml
[VERBOSE] - static_patches/pseudofiles.dynamic.yaml
[VERBOSE] - static_patches/lib_inject.core.yaml
[VERBOSE] - static_patches/lib_inject.string_introspection.yaml
[VERBOSE] - static_patches/static.missing_dirs.yaml
[VERBOSE] - static_patches/static.missing_files.yaml
[VERBOSE] - static_patches/static.kernel_modules.yaml
[VERBOSE] - static_patches/static.shims.stop_bins.yaml
[VERBOSE] - static_patches/static.shims.no_modules.yaml
[VERBOSE] - static_patches/nvram.04_defaults.yaml
[VERBOSE] env:
[VERBOSE]   sxid: 0150_5MS-MDM-1
[VERBOSE] pseudofiles: {}
[VERBOSE] nvram: {}
[VERBOSE] netdevs: []
[VERBOSE] blocked_signals: []
[VERBOSE] lib_inject: {}
[VERBOSE] static_files: {}
[VERBOSE] plugins: {}
[VERBOSE] 
[VERBOSE] ```
[VERBOSE] 
[VERBOSE] ## Retrieved Context:
[VERBOSE] 
[VERBOSE] ### metadata:
[VERBOSE] Firmware: resources/firmware/stride.rootfs.tar.gz
[VERBOSE] Project: projects/stride
[VERBOSE] 
[VERBOSE] ### penguin_init:
[VERBOSE] Exit code: 0
[VERBOSE] 
[VERBOSE] Output:
[VERBOSE] 22:19:24 penguin INFO penguin v1.4.65
[VERBOSE] 22:19:24 penguin WARNING Current penguin file does not match /usr/local/src/penguin_wrapper.
[VERBOSE] 22:19:24 penguin WARNING Reinstall global penguin from container with "docker run rehosting/penguin penguin_install | sudo sh"
[VERBOSE] 22:19:24 penguin WARNING Reinstall local penguin from container with "docker run rehosting/penguin penguin_install.local | sh"
[VERBOSE] 22:19:24 penguin INFO Note messages referencing /host paths reflect automatically-mapped shared directories based on your command line arguments
[VERBOSE] 22:19:24 penguin INFO Creating project at generated path: /host_projects/stride
[VERBOSE] 22:19:24 penguin INFO Deleting existing project directory: /host_projects/stride
[VERBOSE] 22:19:26 penguin.gen_config INFO Generating new configuration for /host_firmware/stride.rootfs.tar.gz...
[VERBOSE] 22:19:42 penguin.gen_config INFO root_shell patch generated but disabled
[VERBOSE] 22:19:42 penguin.gen_config INFO auto_explore patch generated but disabled
[VERBOSE] 22:19:42 penguin.gen_config INFO single_shot_ficd patch generated but disabled
[VERBOSE] 22:19:42 penguin.gen_config INFO lib_inject.fixed_models patch generated but disabled
[VERBOSE] 22:19:42 penguin.gen_config INFO force_www patch generated but disabled
[VERBOSE] 22:19:42 penguin.gen_config INFO static.shims.busybox patch generated but disabled
[VERBOSE] 22:19:42 penguin.gen_config INFO static.shims.crypto patch generated but disabled
[VERBOSE] 22:19:43 penguin INFO Generated config at /host_projects/stride/config.yaml
[VERBOSE] 
[VERBOSE] ### penguin_run:
[VERBOSE] Exit code: 130
[VERBOSE] 
[VERBOSE] Output:
[VERBOSE] 22:25:43 penguin INFO penguin v1.4.65
[VERBOSE] 22:25:43 penguin WARNING Current penguin file does not match /usr/local/src/penguin_wrapper.
[VERBOSE] 22:25:43 penguin WARNING Reinstall global penguin from container with "docker run rehosting/penguin penguin_install | sudo sh"
[VERBOSE] 22:25:43 penguin WARNING Reinstall local penguin from container with "docker run rehosting/penguin penguin_install.local | sh"
[VERBOSE] 22:25:43 penguin INFO Running project /host_stride with config /config.yaml
[VERBOSE] 22:25:43 penguin INFO Saving results to /host_stride/results/2
[VERBOSE] 22:25:43 penguin INFO Note messages referencing /host paths reflect automatically-mapped shared directories based on your command line arguments
[VERBOSE] 22:25:45 penguin.runner INFO Logging console output to /host_stride/results/2/console.log
[VERBOSE] PANDA[core]:os_familyno=2 bits=32 os_details=generic
[VERBOSE] PANDA[syscalls2]:using profile for linux arm
[VERBOSE] PANDA[osi_linux]:W> failed to read task.switch_task_hook_addr
[VERBOSE] PANDA[osi_linux]:W> kernelinfo bytes [20-23] not read
[VERBOSE] 22:25:45 penguin.runner INFO Loading plugins
[VERBOSE] 22:25:45 plugins.core INFO Root shell will be available at: 192.168.3.2:23
[VERBOSE] 22:25:45 plugins.core INFO Connect with: telnet 192.168.3.2
[VERBOSE] 22:25:45 penguin.runner INFO Launching rehosting
[VERBOSE] ^C22:26:17 penguin.run_manager WARNING Received keyboard interrupt while running emulation
[VERBOSE] 22:26:17 penguin.run_manager INFO Please wait up to 60s for graceful shutdown and result reporting
[VERBOSE] 22:26:17 penguin.run_manager INFO Otherwise, press Ctrl+C again to force kill
[VERBOSE] 22:26:17 plugins.core INFO Caught SIGUSR1 - gracefully shutdown emulation
[VERBOSE] 22:26:18 plugins.core WARNING Shutdown thread: Guest shutdown detected, exiting thread.
[VERBOSE] ^CTraceback (most recent call last):
[VERBOSE]   File "/pkg/penguin/manager.py", line 218, in run
[VERBOSE]     p.wait(timeout=timeout_s + 180 if timeout_s else None)
[VERBOSE]   File "/usr/lib/python3.10/subprocess.py", line 1209, in wait
[VERBOSE]     return self._wait(timeout=timeout)
[VERBOSE]   File "/usr/lib/python3.10/subprocess.py", line 1953, in _wait
[VERBOSE]     time.sleep(delay)
[VERBOSE] KeyboardInterrupt
[VERBOSE] 
[VERBOSE] During handling of the above exception, another exception occurred:
[VERBOSE] 
[VERBOSE] Traceback (most recent call last):
[VERBOSE]   File "/usr/local/bin/penguin", line 33, in <module>
[VERBOSE]     sys.exit(load_entry_point('penguin', 'console_scripts', 'penguin')())
[VERBOSE]   File "/pkg/penguin/__main__.py", line 685, in main
[VERBOSE]     penguin_run(args)
[VERBOSE]   File "/pkg/penguin/__main__.py", line 426, in penguin_run
[VERBOSE]     run_from_config(args.project_dir, args.config, args.output, timeout=args.timeout, verbose=args.verbose)
[VERBOSE]   File "/pkg/penguin/__main__.py", line 84, in run_from_config
[VERBOSE]     PandaRunner().run(
[VERBOSE]   File "/pkg/penguin/manager.py", line 237, in run
[VERBOSE]     p.wait(
[VERBOSE]   File "/usr/lib/python3.10/subprocess.py", line 1209, in wait
[VERBOSE]     return self._wait(timeout=timeout)
[VERBOSE]   File "/usr/lib/python3.10/subprocess.py", line 1953, in _wait
[VERBOSE]     time.sleep(delay)
[VERBOSE] KeyboardInterrupt
[VERBOSE] 
[VERBOSE] ### penguin_results:
[VERBOSE] Run #2
[VERBOSE] Results directory: projects/stride/results/2
[VERBOSE] Files collected: 3
[VERBOSE] Files missing: 1
[VERBOSE] 
[VERBOSE] Statistics:
[VERBOSE]   pseudofile_failures: 7
[VERBOSE] 
[VERBOSE] Errors:
[VERBOSE]   - Console errors:
[VERBOSE] [    9.890494] EXT2-fs (ram0): error: can't find an ext2 filesystem on dev ram0.
[VERBOSE]        missing codepage or other error
[VERBOSE] [   11.511976] EXT2-fs (ram0): error: can't find an ext2 filesystem on dev ram0.
[VERBOSE]        missing codepage or other error
[VERBOSE] Couldn't create dsa: module dsa not found in /proc/devices. SkippingmakeCPUB:232: Unknown boardID: configurePortMACs: Failed to set MAC address on port 1: No such device
[VERBOSE] configurePortMACs: Failed to set MAC address on port 2: No such device
[VERBOSE] configurePortMACs: Failed to set MAC address on port 3: No such device
[VERBOSE] configurePortMACs: Failed to set MAC address on port 4: No such device
[VERBOSE] configurePortMACs: Failed to set MAC address on port 5: No such device
[VERBOSE]   - Pseudofile failures: 7
[VERBOSE] 
[VERBOSE] ### console.log:
[VERBOSE] [IGLOO INIT] Launching root shell
[VERBOSE] [IGLOO INIT] Launching VPN
[VERBOSE] ip: RTNETLINK answers: File exists
[VERBOSE] [IGLOO INIT] Running specified init binary
[VERBOSE] 
[VERBOSE] INIT: version 2.86 booting
[VERBOSE] 
[VERBOSE] 
[VERBOSE] INIT: /dev/initctl is not a fifo
[VERBOSE] 
[VERBOSE] Warning: could not erase sector 2: Illegal seek
[VERBOSE] Warning: could not read block 0: Illegal seek
[VERBOSE] Warning: could not erase sector 0: Illegal seek
[VERBOSE] mke2fs: Illegal seek while zeroing block 1984 at end of filesystem
[VERBOSE] 
[VERBOSE] 
[VERBOSE] Could not write 8 blocks in inode table starting at 5: Illegal seek
[VERBOSE] [    9.890494] EXT2-fs (ram0): error: can't find an ext2 filesystem on dev ram0.
[VERBOSE] mount: wrong fs type, bad option, bad superblock on /dev/ram0,
[VERBOSE]        missing codepage or other error
[VERBOSE]        In some cases useful info is found in syslog - try
[VERBOSE]        dmesg | tail  or so
[VERBOSE] 
[VERBOSE] read_uboot_env: Could not open env flash device...
[VERBOSE] sxid not found
[VERBOSE] mount: /dev/boot is not a block device (maybe try `-o loop'?)
[VERBOSE] [   11.511976] EXT2-fs (ram0): error: can't find an ext2 filesystem on dev ram0.
[VERBOSE] mount: wrong fs type, bad option, bad superblock on /dev/ram0,
[VERBOSE]        missing codepage or other error
[VERBOSE]        In some cases useful info is found in syslog - try
[VERBOSE]        dmesg | tail  or so
[VERBOSE] 
[VERBOSE] mount: special device /dev/root.spare does not exist
[VERBOSE] mount: mount point /alternate/boot does not exist
[VERBOSE] Initializing DSA driver...
[VERBOSE] Couldn't create dsa: module dsa not found in /proc/devices. SkippingmakeCPUB:232: Unknown boardID: configurePortMACs: Failed to set MAC address on port 1: No such device
[VERBOSE] configurePortMACs: Failed to set MAC address on port 2: No such device
[VERBOSE] configurePortMACs: Failed to set MAC address on port 3: No such device
[VERBOSE] configurePortMACs: Failed to set MAC address on port 4: No such device
[VERBOSE] configurePortMACs: Failed to set MAC address on port 5: No such device
[VERBOSE] /etc/rc.d/60_config: line 92: can't open /config/current//etc/switch//main.config: no such file
[VERBOSE] Installing default configuration... 
[VERBOSE] 
[VERBOSE] ### env_missing.yaml:
[VERBOSE] {}
[VERBOSE] 
[VERBOSE] ### pseudofiles_failures.yaml:
[VERBOSE] {
[VERBOSE]   "/proc/self": {
[VERBOSE]     "syscall": {
[VERBOSE]       "count": 64
[VERBOSE]     }
[VERBOSE]   },
[VERBOSE]   "/dev/ram": {
[VERBOSE]     "syscall": {
[VERBOSE]       "count": 3
[VERBOSE]     }
[VERBOSE]   },
[VERBOSE]   "/dev/root": {
[VERBOSE]     "syscall": {
[VERBOSE]       "count": 3
[VERBOSE]     }
[VERBOSE]   },
[VERBOSE]   "/dev/mtd1": {
[VERBOSE]     "open": {
[VERBOSE]       "count": 3
[VERBOSE]     }
[VERBOSE]   },
[VERBOSE]   "/dev/root.spare": {
[VERBOSE]     "syscall": {
[VERBOSE]       "count": 3
[VERBOSE]     }
[VERBOSE]   },
[VERBOSE]   "/dev/boot.spare": {
[VERBOSE]     "syscall": {
[VERBOSE]       "count": 2
[VERBOSE]     }
[VERBOSE]   },
[VERBOSE]   "/dev/ttyS0": {
[VERBOSE]     "syscall": {
[VERBOSE]       "count": 1
[VERBOSE]     }
[VERBOSE]   }
[VERBOSE] }
[VERBOSE] 
[VERBOSE] ### previous_iterations:
[VERBOSE] ## Previous Iteration Context (Iteration 2):
[VERBOSE] Total previous actions: 2
[VERBOSE] Total previous engineer summaries: 2
[VERBOSE] 
[VERBOSE] Previous Actions Summary:
[VERBOSE]   1. add_environment_variable_placeholder - success - All 1 tool calls executed successfully
[VERBOSE]   2. set_environment_variable_value - success - All 1 tool calls executed successfully
[VERBOSE] 
[VERBOSE] Previous Engineer Summaries:
[VERBOSE]   1. success - All 1 tool calls executed successfully
[VERBOSE]   2. success - All 1 tool calls executed successfully
[VERBOSE] 
[VERBOSE] ## Knowledge Base Insights:
[VERBOSE] - Issue: Missing Environment Variable - Unknown Value (Step 1: Dynamic Analysis)
[VERBOSE]   Severity: high
[VERBOSE]   Priority: high
[VERBOSE]   Impact: requires_iteration
[VERBOSE]   Description: Use dynamic analysis with magic value to discover correct value. Requires re-running Penguin.
[VERBOSE]   ⚠️  Requires iteration: After re-run, check env_cmp.txt for candidate values
[VERBOSE] 
[VERBOSE] - Issue: Missing Environment Variable - Candidates Found (Step 2: Apply Value After Dynamic Analysis Has Found the Actual Value)
[VERBOSE]   Severity: high
[VERBOSE]   Priority: high
[VERBOSE]   Impact: critical
[VERBOSE]   Description: Candidate values found via dynamic analysis. Select and apply one. If we see candidates in env_cmp.txt, this action is at the highest priority.
[VERBOSE]   ⚠️  Requires iteration: Re-run needed
[VERBOSE]   Selection: Usually first non-empty candidate is correct
[VERBOSE] 
[VERBOSE] 
[VERBOSE] ## Constraints:
[VERBOSE] {
[VERBOSE]   "max_iterations": 3
[VERBOSE] }
[VERBOSE] ======================================================================
